C51 COMPILER V9.54   MAIN                                                                  07/16/2023 02:51:08 PAGE 1   


C51 COMPILER V9.54, COMPILATION OF MODULE MAIN
OBJECT MODULE PLACED IN .\Objects\main.obj
COMPILER INVOKED BY: S:\Keil5\C51\BIN\C51.EXE main.c OPTIMIZE(8,SPEED) BROWSE DEBUG OBJECTEXTEND PRINT(.\Listings\main.l
                    -st) OBJECT(.\Objects\main.obj)

line level    source

   1          #include <REGX52.H>
   2          #include "LCD1602.h"
   3          #include "delay.h"
   4          
   5          void main()
   6          {
   7   1              int result=0;
   8   1              LCD_Init();
   9   1      
  10   1      //      LCD_ShowChar(1,1,'A');
  11   1      //      LCD_ShowString(1,3,"hello");
  12   1      //      LCD_ShowNum(1,9,123,4);
  13   1      //      LCD_ShowSignedNum(1,14,-66,2);
  14   1      //      LCD_ShowHexNum(2,1,0xa8,2);
  15   1      //      LCD_ShowBinNum(2,4,0xaa,8);
  16   1              while(1)
  17   1              {
  18   2                      result++;
  19   2                      LCD_ShowNum(1,1,result,3);
  20   2                      delay(1000);
  21   2              }
  22   1      }


MODULE INFORMATION:   STATIC OVERLAYABLE
   CODE SIZE        =     38    ----
   CONSTANT SIZE    =   ----    ----
   XDATA SIZE       =   ----    ----
   PDATA SIZE       =   ----    ----
   DATA SIZE        =   ----       2
   IDATA SIZE       =   ----    ----
   BIT SIZE         =   ----    ----
END OF MODULE INFORMATION.


C51 COMPILATION COMPLETE.  0 WARNING(S),  0 ERROR(S)
