BL51 BANKED LINKER/LOCATER V6.22                                                        11/03/2023  05:28:39  PAGE 1


BL51 BANKED LINKER/LOCATER V6.22, INVOKED BY:
S:\KEIL5\C51\BIN\BL51.EXE .\Objects\delay.obj, .\Objects\LCD1602.obj, .\Objects\MAIN.obj, .\Objects\DS18B20.obj, .\Objec
>> ts\OneWire.obj TO .\Objects\project PRINT (.\Listings\project.m51) RAMSIZE (256) DISABLEWARNING (16)


MEMORY MODEL: SMALL WITH FLOATING POINT ARITHMETIC


INPUT MODULES INCLUDED:
  .\Objects\delay.obj (DELAY)
  .\Objects\LCD1602.obj (LCD1602)
  .\Objects\MAIN.obj (MAIN)
  .\Objects\DS18B20.obj (DS18B20)
  .\Objects\OneWire.obj (ONEWIRE)
  S:\KEIL5\C51\LIB\C51FPS.LIB (?C?FPMUL)
  S:\KEIL5\C51\LIB\C51FPS.LIB (?C?FPDIV)
  S:\KEIL5\C51\LIB\C51FPS.LIB (?C?FPCMP)
  S:\KEIL5\C51\LIB\C51FPS.LIB (?C?FPNEG)
  S:\KEIL5\C51\LIB\C51FPS.LIB (?C?FCAST)
  S:\KEIL5\C51\LIB\C51FPS.LIB (?C?CASTF)
  S:\KEIL5\C51\LIB\C51FPS.LIB (?C?FPGETOPN)
  S:\KEIL5\C51\LIB\C51S.LIB (?C_STARTUP)
  S:\KEIL5\C51\LIB\C51S.LIB (?C?CLDOPTR)
  S:\KEIL5\C51\LIB\C51S.LIB (?C?IMUL)
  S:\KEIL5\C51\LIB\C51S.LIB (?C?UIDIV)
  S:\KEIL5\C51\LIB\C51S.LIB (?C?ULDIV)
  S:\KEIL5\C51\LIB\C51S.LIB (?C?LNEG)


LINK MAP OF MODULE:  .\Objects\project (DELAY)


            TYPE    BASE      LENGTH    RELOCATION   SEGMENT NAME
            -----------------------------------------------------

            * * * * * * *   D A T A   M E M O R Y   * * * * * * *
            REG     0000H     0008H     ABSOLUTE     "REG BANK 0"
            DATA    0008H     0009H     UNIT         _DATA_GROUP_
            DATA    0011H     0007H     UNIT         ?DT?_LCD_SHOWSIGNEDNUM?LCD1602
            DATA    0018H     0005H     UNIT         ?DT?_LCD_SHOWHEXNUM?LCD1602
            DATA    001DH     0005H     UNIT         ?DT?_LCD_SHOWBINNUM?LCD1602
            DATA    0022H     0004H     UNIT         ?DT?MAIN
            IDATA   0026H     0001H     UNIT         ?STACK

            * * * * * * *   C O D E   M E M O R Y   * * * * * * *
            CODE    0000H     0003H     ABSOLUTE     
            CODE    0003H     045FH     UNIT         ?C?LIB_CODE
            CODE    0462H     00B0H     UNIT         ?PR?MAIN?MAIN
            CODE    0512H     003AH     UNIT         ?PR?_LCD_SHOWSIGNEDNUM?LCD1602
            CODE    054CH     0039H     UNIT         ?PR?_LCD_SHOWHEXNUM?LCD1602
            CODE    0585H     0038H     UNIT         ?PR?_LCD_SHOWBINNUM?LCD1602
            CODE    05BDH     0033H     UNIT         ?PR?_LCD_POW?LCD1602
            CODE    05F0H     002CH     UNIT         ?PR?DS18B20_READ_TEMPERA?DS18B20
            CODE    061CH     0023H     UNIT         ?PR?_LCD_SHOWSTRING?LCD1602
            CODE    063FH     001EH     UNIT         ?PR?_LCD_WRITEDATA?LCD1602
            CODE    065DH     001DH     UNIT         ?PR?_LCD_SHOWNUM?LCD1602
            CODE    067AH     001DH     UNIT         ?PR?ONEWIRE_RECEIVEBYTE?ONEWIRE
            CODE    0697H     001AH     UNIT         ?PR?ONEWIRE_INIT?ONEWIRE
BL51 BANKED LINKER/LOCATER V6.22                                                      11/03/2023  05:28:39  PAGE 2


            CODE    06B1H     0019H     UNIT         ?PR?_ONEWIRE_SENDBYTE?ONEWIRE
            CODE    06CAH     0018H     UNIT         ?PR?ONEWIRE_RECEIVEBIT?ONEWIRE
            CODE    06E2H     0016H     UNIT         ?PR?_LCD_SETCURSOR?LCD1602
            CODE    06F8H     0015H     UNIT         ?PR?_DELAY?DELAY
            CODE    070DH     0014H     UNIT         ?PR?LCD_INIT?LCD1602
            CODE    0721H     0012H     UNIT         ?PR?_ONEWIRE_SENDBIT?ONEWIRE
            CODE    0733H     000FH     UNIT         ?PR?LCD_DELAY?LCD1602
            CODE    0742H     000DH     UNIT         ?CO?MAIN
            CODE    074FH     000DH     UNIT         ?PR?DS18B20_CONVERTTEMPERA?DS18B20
            CODE    075CH     000CH     UNIT         ?C_C51STARTUP
            CODE    0768H     000AH     UNIT         ?PR?_LCD_WRITECOMMAND?LCD1602
            CODE    0772H     000AH     UNIT         ?PR?_LCD_SHOWCHAR?LCD1602



OVERLAY MAP OF MODULE:   .\Objects\project (DELAY)


SEGMENT                                      DATA_GROUP 
  +--> CALLED SEGMENT                      START    LENGTH
----------------------------------------------------------
?C_C51STARTUP                              -----    -----
  +--> ?PR?MAIN?MAIN

?PR?MAIN?MAIN                              -----    -----
  +--> ?PR?LCD_INIT?LCD1602
  +--> ?PR?DS18B20_CONVERTTEMPERA?DS18B20
  +--> ?PR?_DELAY?DELAY
  +--> ?CO?MAIN
  +--> ?PR?_LCD_SHOWSTRING?LCD1602
  +--> ?PR?DS18B20_READ_TEMPERA?DS18B20
  +--> ?PR?_LCD_SHOWCHAR?LCD1602
  +--> ?PR?_LCD_SHOWNUM?LCD1602

?PR?LCD_INIT?LCD1602                       -----    -----
  +--> ?PR?_LCD_WRITECOMMAND?LCD1602

?PR?_LCD_WRITECOMMAND?LCD1602              -----    -----
  +--> ?PR?LCD_DELAY?LCD1602

?PR?DS18B20_CONVERTTEMPERA?DS18B20         -----    -----
  +--> ?PR?ONEWIRE_INIT?ONEWIRE
  +--> ?PR?_ONEWIRE_SENDBYTE?ONEWIRE

?PR?_ONEWIRE_SENDBYTE?ONEWIRE              -----    -----
  +--> ?PR?_ONEWIRE_SENDBIT?ONEWIRE

?PR?_LCD_SHOWSTRING?LCD1602                0008H    0003H
  +--> ?PR?_LCD_SETCURSOR?LCD1602
  +--> ?PR?_LCD_WRITEDATA?LCD1602

?PR?_LCD_SETCURSOR?LCD1602                 -----    -----
  +--> ?PR?_LCD_WRITECOMMAND?LCD1602

?PR?_LCD_WRITEDATA?LCD1602                 -----    -----
  +--> ?PR?LCD_DELAY?LCD1602

BL51 BANKED LINKER/LOCATER V6.22                                                      11/03/2023  05:28:39  PAGE 3


?PR?DS18B20_READ_TEMPERA?DS18B20           0008H    0001H
  +--> ?PR?ONEWIRE_INIT?ONEWIRE
  +--> ?PR?_ONEWIRE_SENDBYTE?ONEWIRE
  +--> ?PR?ONEWIRE_RECEIVEBYTE?ONEWIRE

?PR?ONEWIRE_RECEIVEBYTE?ONEWIRE            -----    -----
  +--> ?PR?ONEWIRE_RECEIVEBIT?ONEWIRE

?PR?_LCD_SHOWCHAR?LCD1602                  -----    -----
  +--> ?PR?_LCD_SETCURSOR?LCD1602
  +--> ?PR?_LCD_WRITEDATA?LCD1602

?PR?_LCD_SHOWNUM?LCD1602                   0008H    0005H
  +--> ?PR?_LCD_SETCURSOR?LCD1602
  +--> ?PR?_LCD_POW?LCD1602
  +--> ?PR?_LCD_WRITEDATA?LCD1602

?PR?_LCD_POW?LCD1602                       000DH    0004H



SYMBOL TABLE OF MODULE:  .\Objects\project (DELAY)

  VALUE           TYPE          NAME
  ----------------------------------

  -------         MODULE        DELAY
  C:0000H         SYMBOL        _ICE_DUMMY_
  C:06F8H         PUBLIC        _delay
  -------         PROC          _DELAY
  D:0006H         SYMBOL        time
  -------         DO            
  D:0005H         SYMBOL        i
  D:0004H         SYMBOL        j
  -------         ENDDO         
  C:06F8H         LINE#         2
  C:06F8H         LINE#         3
  C:06F8H         LINE#         5
  C:0702H         LINE#         6
  C:0702H         LINE#         8
  C:0704H         LINE#         9
  C:0706H         LINE#         11
  C:0706H         LINE#         12
  C:0708H         LINE#         13
  C:070AH         LINE#         14
  C:070CH         LINE#         15
  -------         ENDPROC       _DELAY
  -------         ENDMOD        DELAY

  -------         MODULE        LCD1602
  C:0000H         SYMBOL        _ICE_DUMMY_
  D:0080H         PUBLIC        P0
  D:00A0H         PUBLIC        P2
  C:0768H         PUBLIC        _LCD_WriteCommand
  C:065DH         PUBLIC        _LCD_ShowNum
  C:0585H         PUBLIC        _LCD_ShowBinNum
  C:0739H         PUBLIC        LCD_Delay
BL51 BANKED LINKER/LOCATER V6.22                                                      11/03/2023  05:28:39  PAGE 4


  C:054CH         PUBLIC        _LCD_ShowHexNum
  C:0653H         PUBLIC        _LCD_WriteData
  B:00A0H.7       PUBLIC        LCD_EN
  C:070DH         PUBLIC        LCD_Init
  C:061CH         PUBLIC        _LCD_ShowString
  C:0772H         PUBLIC        _LCD_ShowChar
  B:00A0H.6       PUBLIC        LCD_RS
  B:00A0H.5       PUBLIC        LCD_RW
  C:06E2H         PUBLIC        _LCD_SetCursor
  C:0512H         PUBLIC        _LCD_ShowSignedNum
  C:05C9H         PUBLIC        _LCD_Pow
  -------         PROC          L?0048
  -------         ENDPROC       L?0048
  -------         PROC          LCD_DELAY
  -------         DO            
  D:0007H         SYMBOL        i
  D:0006H         SYMBOL        j
  -------         ENDDO         
  C:0739H         LINE#         15
  C:0739H         LINE#         16
  C:0739H         LINE#         19
  C:073BH         LINE#         20
  C:073DH         LINE#         22
  C:073DH         LINE#         23
  C:073FH         LINE#         24
  C:0741H         LINE#         25
  -------         ENDPROC       LCD_DELAY
  -------         PROC          _LCD_WRITECOMMAND
  D:0007H         SYMBOL        Command
  C:0768H         LINE#         32
  C:0768H         LINE#         33
  C:0768H         LINE#         34
  C:076AH         LINE#         35
  C:076AH         LINE#         36
  C:076AH         LINE#         37
  C:076AH         LINE#         38
  C:076DH         LINE#         39
  C:076FH         LINE#         40
  -------         ENDPROC       _LCD_WRITECOMMAND
  -------         PROC          L?0047
  -------         ENDPROC       L?0047
  -------         PROC          _LCD_WRITEDATA
  D:0007H         SYMBOL        Data
  C:0653H         LINE#         48
  C:0653H         LINE#         49
  C:0653H         LINE#         50
  C:0655H         LINE#         51
  C:0655H         LINE#         52
  C:0655H         LINE#         53
  C:0655H         LINE#         54
  C:0658H         LINE#         55
  C:065AH         LINE#         56
  -------         ENDPROC       _LCD_WRITEDATA
  -------         PROC          _LCD_SETCURSOR
  D:0006H         SYMBOL        Line
  D:0005H         SYMBOL        Column
  C:06E2H         LINE#         65
BL51 BANKED LINKER/LOCATER V6.22                                                      11/03/2023  05:28:39  PAGE 5


  C:06E4H         LINE#         66
  C:06E4H         LINE#         67
  C:06E7H         LINE#         68
  C:06E7H         LINE#         69
  C:06E9H         LINE#         70
  C:06EBH         LINE#         71
  C:06EEH         LINE#         72
  C:06EEH         LINE#         73
  C:06F7H         LINE#         74
  C:06F7H         LINE#         75
  -------         ENDPROC       _LCD_SETCURSOR
  -------         PROC          LCD_INIT
  C:070DH         LINE#         82
  C:070DH         LINE#         83
  C:070DH         LINE#         84
  C:0712H         LINE#         85
  C:0717H         LINE#         86
  C:071CH         LINE#         87
  -------         ENDPROC       LCD_INIT
  -------         PROC          _LCD_SHOWCHAR
  D:0006H         SYMBOL        Line
  D:0005H         SYMBOL        Column
  D:0004H         SYMBOL        Char
  C:0772H         LINE#         97
  C:0774H         LINE#         98
  C:0774H         LINE#         99
  C:0777H         LINE#         100
  -------         ENDPROC       _LCD_SHOWCHAR
  -------         PROC          _LCD_SHOWSTRING
  D:0007H         SYMBOL        Line
  D:0005H         SYMBOL        Column
  D:0008H         SYMBOL        String
  -------         DO            
  D:0005H         SYMBOL        i
  -------         ENDDO         
  C:061CH         LINE#         110
  C:0622H         LINE#         111
  C:0622H         LINE#         113
  C:0625H         LINE#         114
  C:0638H         LINE#         115
  C:0638H         LINE#         116
  C:063BH         LINE#         117
  C:063EH         LINE#         118
  -------         ENDPROC       _LCD_SHOWSTRING
  C:05BFH         SYMBOL        L?0046
  -------         PROC          L?0045
  -------         ENDPROC       L?0045
  C:05BFH         SYMBOL        L?0046
  -------         PROC          _LCD_POW
  D:000DH         SYMBOL        X
  D:000FH         SYMBOL        Y
  -------         DO            
  D:0003H         SYMBOL        i
  D:0006H         SYMBOL        Result
  -------         ENDDO         
  C:05C9H         LINE#         123
  C:05D1H         LINE#         124
BL51 BANKED LINKER/LOCATER V6.22                                                      11/03/2023  05:28:39  PAGE 6


  C:05D1H         LINE#         126
  C:05D5H         LINE#         127
  C:05E5H         LINE#         128
  C:05E5H         LINE#         129
  C:05ECH         LINE#         130
  C:05EFH         LINE#         131
  C:05EFH         LINE#         132
  -------         ENDPROC       _LCD_POW
  -------         PROC          _LCD_SHOWNUM
  D:0007H         SYMBOL        Line
  D:0005H         SYMBOL        Column
  D:000AH         SYMBOL        Number
  D:000CH         SYMBOL        Length
  -------         DO            
  D:0002H         SYMBOL        i
  -------         ENDDO         
  C:065DH         LINE#         142
  C:0661H         LINE#         143
  C:0661H         LINE#         145
  C:0664H         LINE#         146
  C:066CH         LINE#         147
  C:066CH         LINE#         148
  C:0676H         LINE#         149
  C:0679H         LINE#         150
  -------         ENDPROC       _LCD_SHOWNUM
  -------         PROC          _LCD_SHOWSIGNEDNUM
  D:0007H         SYMBOL        Line
  D:0005H         SYMBOL        Column
  D:0002H         SYMBOL        Number
  D:0015H         SYMBOL        Length
  -------         DO            
  D:0002H         SYMBOL        i
  D:0016H         SYMBOL        Number1
  -------         ENDDO         
  C:0512H         LINE#         160
  C:0512H         LINE#         161
  C:0512H         LINE#         164
  C:0515H         LINE#         165
  C:051DH         LINE#         166
  C:051DH         LINE#         167
  C:0522H         LINE#         168
  C:0526H         LINE#         169
  C:0528H         LINE#         171
  C:0528H         LINE#         172
  C:052DH         LINE#         173
  C:0536H         LINE#         174
  C:0536H         LINE#         175
  C:053EH         LINE#         176
  C:053EH         LINE#         177
  C:0548H         LINE#         178
  C:054BH         LINE#         179
  -------         ENDPROC       _LCD_SHOWSIGNEDNUM
  -------         PROC          _LCD_SHOWHEXNUM
  D:0007H         SYMBOL        Line
  D:0005H         SYMBOL        Column
  D:001AH         SYMBOL        Number
  D:001CH         SYMBOL        Length
BL51 BANKED LINKER/LOCATER V6.22                                                      11/03/2023  05:28:39  PAGE 7


  -------         DO            
  D:0002H         SYMBOL        i
  D:0006H         SYMBOL        SingleNumber
  -------         ENDDO         
  C:054CH         LINE#         189
  C:0550H         LINE#         190
  C:0550H         LINE#         192
  C:0553H         LINE#         193
  C:055BH         LINE#         194
  C:055BH         LINE#         195
  C:0571H         LINE#         196
  C:0577H         LINE#         197
  C:0577H         LINE#         198
  C:0579H         LINE#         199
  C:057BH         LINE#         201
  C:057BH         LINE#         202
  C:0581H         LINE#         203
  C:0581H         LINE#         204
  C:0584H         LINE#         205
  -------         ENDPROC       _LCD_SHOWHEXNUM
  -------         PROC          _LCD_SHOWBINNUM
  D:0007H         SYMBOL        Line
  D:0005H         SYMBOL        Column
  D:001FH         SYMBOL        Number
  D:0021H         SYMBOL        Length
  -------         DO            
  D:0002H         SYMBOL        i
  -------         ENDDO         
  C:0585H         LINE#         215
  C:0589H         LINE#         216
  C:0589H         LINE#         218
  C:058CH         LINE#         219
  C:0594H         LINE#         220
  C:0594H         LINE#         221
  C:05B9H         LINE#         222
  C:05BCH         LINE#         223
  -------         ENDPROC       _LCD_SHOWBINNUM
  -------         ENDMOD        LCD1602

  -------         MODULE        MAIN
  C:0000H         SYMBOL        _ICE_DUMMY_
  C:0462H         PUBLIC        main
  D:0022H         PUBLIC        T
  -------         PROC          MAIN
  C:0462H         LINE#         8
  C:0462H         LINE#         9
  C:0462H         LINE#         10
  C:0465H         LINE#         11
  C:0468H         LINE#         12
  C:046FH         LINE#         13
  C:047CH         LINE#         14
  C:047CH         LINE#         15
  C:047CH         LINE#         16
  C:047FH         LINE#         17
  C:048AH         LINE#         18
  C:049CH         LINE#         19
  C:049CH         LINE#         20
BL51 BANKED LINKER/LOCATER V6.22                                                      11/03/2023  05:28:39  PAGE 8


  C:04A5H         LINE#         21
  C:04B8H         LINE#         22
  C:04BAH         LINE#         24
  C:04BAH         LINE#         25
  C:04C3H         LINE#         26
  C:04C3H         LINE#         27
  C:04DCH         LINE#         28
  C:04E5H         LINE#         29
  C:050FH         LINE#         31
  -------         ENDPROC       MAIN
  -------         ENDMOD        MAIN

  -------         MODULE        DS18B20
  C:0000H         SYMBOL        _ICE_DUMMY_
  C:05F0H         PUBLIC        DS18B20_Read_Tempera
  C:074FH         PUBLIC        DS18B20_ConvertTempera
  -------         PROC          DS18B20_CONVERTTEMPERA
  C:074FH         LINE#         9
  C:074FH         LINE#         10
  C:074FH         LINE#         11
  C:0752H         LINE#         12
  C:0757H         LINE#         13
  -------         ENDPROC       DS18B20_CONVERTTEMPERA
  -------         PROC          DS18B20_READ_TEMPERA
  -------         DO            
  D:0008H         SYMBOL        TLSB
  D:0007H         SYMBOL        TMSB
  D:0006H         SYMBOL        temp
  D:0004H         SYMBOL        T
  -------         ENDDO         
  C:05F0H         LINE#         16
  C:05F0H         LINE#         17
  C:05F0H         LINE#         21
  C:05F3H         LINE#         22
  C:05F8H         LINE#         23
  C:05FDH         LINE#         24
  C:0602H         LINE#         25
  C:0605H         LINE#         30
  C:060AH         LINE#         31
  C:061BH         LINE#         32
  C:061BH         LINE#         33
  -------         ENDPROC       DS18B20_READ_TEMPERA
  -------         ENDMOD        DS18B20

  -------         MODULE        ONEWIRE
  C:0000H         SYMBOL        _ICE_DUMMY_
  D:00B0H         PUBLIC        P3
  C:06CAH         PUBLIC        OneWire_ReceiveBit
  B:00B0H.7       PUBLIC        OneWire_DQ
  C:0697H         PUBLIC        OneWire_Init
  C:06B1H         PUBLIC        _OneWire_SendByte
  C:0721H         PUBLIC        _OneWire_SendBit
  C:067AH         PUBLIC        OneWire_ReceiveByte
  -------         PROC          ONEWIRE_INIT
  -------         DO            
  D:0006H         SYMBOL        AskBit
  D:0007H         SYMBOL        i
BL51 BANKED LINKER/LOCATER V6.22                                                      11/03/2023  05:28:39  PAGE 9


  -------         ENDDO         
  C:0697H         LINE#         7
  C:0697H         LINE#         8
  C:0697H         LINE#         12
  C:0699H         LINE#         13
  C:069BH         LINE#         15
  C:069FH         LINE#         17
  C:06A1H         LINE#         19
  C:06A5H         LINE#         20
  C:06AAH         LINE#         22
  C:06AEH         LINE#         23
  C:06B0H         LINE#         24
  -------         ENDPROC       ONEWIRE_INIT
  -------         PROC          _ONEWIRE_SENDBIT
  D:0007H         SYMBOL        Bit
  -------         DO            
  D:0006H         SYMBOL        i
  -------         ENDDO         
  C:0721H         LINE#         26
  C:0721H         LINE#         27
  C:0721H         LINE#         29
  C:0723H         LINE#         31
  C:0727H         LINE#         32
  C:072CH         LINE#         34
  C:0730H         LINE#         35
  C:0732H         LINE#         36
  -------         ENDPROC       _ONEWIRE_SENDBIT
  -------         PROC          ONEWIRE_RECEIVEBIT
  -------         DO            
  D:0007H         SYMBOL        i
  D:0006H         SYMBOL        Bit
  -------         ENDDO         
  C:06CAH         LINE#         38
  C:06CAH         LINE#         39
  C:06CAH         LINE#         43
  C:06CCH         LINE#         45
  C:06D0H         LINE#         46
  C:06D2H         LINE#         48
  C:06D6H         LINE#         49
  C:06DBH         LINE#         51
  C:06DFH         LINE#         52
  C:06E1H         LINE#         53
  -------         ENDPROC       ONEWIRE_RECEIVEBIT
  -------         PROC          _ONEWIRE_SENDBYTE
  D:0005H         SYMBOL        Byte
  -------         DO            
  D:0004H         SYMBOL        i
  -------         ENDDO         
  C:06B1H         LINE#         55
  C:06B3H         LINE#         56
  C:06B3H         LINE#         58
  C:06B5H         LINE#         59
  C:06B5H         LINE#         60
  C:06C5H         LINE#         61
  C:06C9H         LINE#         62
  -------         ENDPROC       _ONEWIRE_SENDBYTE
  -------         PROC          ONEWIRE_RECEIVEBYTE
BL51 BANKED LINKER/LOCATER V6.22                                                      11/03/2023  05:28:39  PAGE 10


  -------         DO            
  D:0004H         SYMBOL        i
  D:0005H         SYMBOL        Byte
  -------         ENDDO         
  C:067AH         LINE#         64
  C:067AH         LINE#         65
  C:067AH         LINE#         66
  C:067CH         LINE#         67
  C:067DH         LINE#         68
  C:067DH         LINE#         69
  C:0683H         LINE#         70
  C:0683H         LINE#         71
  C:0690H         LINE#         72
  C:0690H         LINE#         73
  C:0694H         LINE#         74
  C:0696H         LINE#         75
  -------         ENDPROC       ONEWIRE_RECEIVEBYTE
  -------         ENDMOD        ONEWIRE

  -------         MODULE        ?C?FPMUL
  C:0003H         PUBLIC        ?C?FPMUL
  -------         ENDMOD        ?C?FPMUL

  -------         MODULE        ?C?FPDIV
  C:010CH         PUBLIC        ?C?FPDIV
  -------         ENDMOD        ?C?FPDIV

  -------         MODULE        ?C?FPCMP
  C:01ABH         PUBLIC        ?C?FPCMP
  C:01A9H         PUBLIC        ?C?FPCMP3
  -------         ENDMOD        ?C?FPCMP

  -------         MODULE        ?C?FPNEG
  C:0222H         PUBLIC        ?C?FPNEG
  -------         ENDMOD        ?C?FPNEG

  -------         MODULE        ?C?FCAST
  C:023DH         PUBLIC        ?C?FCASTC
  C:0238H         PUBLIC        ?C?FCASTI
  C:0233H         PUBLIC        ?C?FCASTL
  -------         ENDMOD        ?C?FCAST

  -------         MODULE        ?C?CASTF
  C:0271H         PUBLIC        ?C?CASTF
  -------         ENDMOD        ?C?CASTF

  -------         MODULE        ?C?CLDOPTR
  C:02F2H         PUBLIC        ?C?CLDOPTR
  -------         ENDMOD        ?C?CLDOPTR

  -------         MODULE        ?C?IMUL
  C:031FH         PUBLIC        ?C?IMUL
  -------         ENDMOD        ?C?IMUL

  -------         MODULE        ?C?UIDIV
  C:0331H         PUBLIC        ?C?UIDIV
  -------         ENDMOD        ?C?UIDIV
BL51 BANKED LINKER/LOCATER V6.22                                                      11/03/2023  05:28:39  PAGE 11



  -------         MODULE        ?C?ULDIV
  C:03C2H         PUBLIC        ?C?ULDIV
  -------         ENDMOD        ?C?ULDIV

  -------         MODULE        ?C?LNEG
  C:0454H         PUBLIC        ?C?LNEG
  -------         ENDMOD        ?C?LNEG

Program Size: data=39.0 xdata=0 code=1916
LINK/LOCATE RUN COMPLETE.  0 WARNING(S),  0 ERROR(S)
