C51 COMPILER V9.54   DS18B20                                                               11/03/2023 06:27:41 PAGE 1   


C51 COMPILER V9.54, COMPILATION OF MODULE DS18B20
OBJECT MODULE PLACED IN .\Objects\DS18B20.obj
COMPILER INVOKED BY: S:\Keil5\C51\BIN\C51.EXE DS18B20.c OPTIMIZE(8,SPEED) BROWSE DEBUG OBJECTEXTEND PRINT(.\Listings\DS1
                    -8B20.lst) OBJECT(.\Objects\DS18B20.obj)

line level    source

   1          #include <REGX52.H>
   2          #include "OneWire.h"
   3          #include "LCD1602.h"
   4          
   5          #define DS18B20_Skip_ROM 0xCC
   6          #define DS18B20_Convert_Tempera 0x44
   7          #define DS18B20_Read_Scratchpad 0xBE
   8          
   9          void DS18B20_ConvertTempera(void)
  10          {
  11   1              OneWire_Init();
  12   1              OneWire_SendByte(DS18B20_Skip_ROM);
  13   1              OneWire_SendByte(DS18B20_Convert_Tempera);      
  14   1      }
  15          
  16          float DS18B20_Read_Tempera(void)
  17          {
  18   1              unsigned char TLSB,TMSB;
  19   1              int temp;
  20   1              float T;
  21   1              OneWire_Init();
  22   1              OneWire_SendByte(DS18B20_Skip_ROM);
  23   1              OneWire_SendByte(DS18B20_Read_Scratchpad);      
  24   1              TLSB=OneWire_ReceiveByte();
  25   1              TMSB=OneWire_ReceiveByte();
  26   1              
  27   1      //      LCD_ShowBinNum(1,1,TMSB,8);温度数据二进制测试
  28   1      //      LCD_ShowBinNum(1,9,TLSB,8);     
  29   1              
  30   1              temp=(TMSB<<8)|TLSB;
  31   1              T=temp/16.0;
  32   1              return T;
  33   1      }


MODULE INFORMATION:   STATIC OVERLAYABLE
   CODE SIZE        =     57    ----
   CONSTANT SIZE    =   ----    ----
   XDATA SIZE       =   ----    ----
   PDATA SIZE       =   ----    ----
   DATA SIZE        =   ----       1
   IDATA SIZE       =   ----    ----
   BIT SIZE         =   ----    ----
END OF MODULE INFORMATION.


C51 COMPILATION COMPLETE.  0 WARNING(S),  0 ERROR(S)
