C51 COMPILER V9.54   MAIN                                                                  08/04/2023 10:42:16 PAGE 1   


C51 COMPILER V9.54, COMPILATION OF MODULE MAIN
OBJECT MODULE PLACED IN .\Objects\main.obj
COMPILER INVOKED BY: S:\Keil5\C51\BIN\C51.EXE main.c OPTIMIZE(8,SPEED) BROWSE DEBUG OBJECTEXTEND PRINT(.\Listings\main.l
                    -st) OBJECT(.\Objects\main.obj)

line level    source

   1          #include <REGX52.H>
   2          
   3          sbit SER=P3^4;  
   4          sbit SCK=P3^6;  //SRCLK
   5          sbit RCK=P3^5;  //RCLK
   6          
   7          void _74HC595_writebyte(unsigned char byte)
   8          {
   9   1              unsigned char i;
  10   1              for(i=0;i<8;i++)
  11   1              {
  12   2                      SER=byte&(0x80>>i);//位赋值，大于0则赋1，等于0赋0
  13   2                      SCK=1;
  14   2                      SCK=0;
  15   2              }
  16   1              RCK=1;
  17   1              RCK=0;
  18   1      }
  19          
  20          void main()
  21          {
  22   1              P0=0;
  23   1              SCK=0;
  24   1              RCK=0;
  25   1              _74HC595_writebyte(0xaa);
  26   1              while(1)
  27   1              {
  28   2                      
  29   2              }
  30   1      }


MODULE INFORMATION:   STATIC OVERLAYABLE
   CODE SIZE        =     59    ----
   CONSTANT SIZE    =   ----    ----
   XDATA SIZE       =   ----    ----
   PDATA SIZE       =   ----    ----
   DATA SIZE        =   ----    ----
   IDATA SIZE       =   ----    ----
   BIT SIZE         =   ----    ----
END OF MODULE INFORMATION.


C51 COMPILATION COMPLETE.  0 WARNING(S),  0 ERROR(S)
